// Jest Snapshot v1, https://goo.gl/fbAQLP

exports[`landing page renders the landing page 1`] = `
<div>
  <div
    className="card"
  >
    <div
      className="header"
    >
      <h1>
        Guess The Number
      </h1>
      <h2>
        Non Logged In Gameplay
      </h2>
    </div>
    <div
      className="levels"
    >
      <div
        className="levelselect"
      >
        <h5
          style={
            {
              "color": "white",
              "fontSize": "17px",
              "marginLeft": "5em",
            }
          }
        >
          Select Difficulty Level
        </h5>
        <button
          id="standard"
          onClick={[Function]}
        >
          Standard
        </button>
        <button
          id="difficult"
          onClick={[Function]}
        >
          Difficult
        </button>
      </div>
      <div
        className="levelCard"
      >
        <h3
          style={
            {
              "color": "black",
              "fontSize": "20px",
              "marginLeft": "5.2em",
              "paddingTop": "2em",
            }
          }
        >
          Selected Level
        </h3>
         
        <p
          style={
            {
              "color": "red",
              "fontSize": 20,
              "marginLeft": "6.6em",
            }
          }
        >
          LEVEL
        </p>
         
        <form
          id="LevelForm"
        >
          <input
            id="Levelsinput"
            onChange={[Function]}
            placeholder="Enter Number"
            style={
              {
                "float": "center",
                "fontSize": 14,
              }
            }
            type="number"
            value={[]}
          />
        </form>
         
        <p
          style={
            {
              "color": "red",
              "fontSize": 20,
              "marginLeft": "5.2em",
            }
          }
        />
          
        <button
          id="guess"
          onClick={[Function]}
          type="submit"
        >
          Guess
        </button>
         
        <div
          className="playButtons"
        >
          <button
            id="playAgain"
            onClick={[Function]}
            type="submit"
          >
            Play Again
          </button>
          <button
            id="login"
            type="submit"
          >
            Log In
          </button>
        </div>
      </div>
    </div>
    <div
      className="tally"
    >
      <div
        className="tallycard"
      >
        <h4
          style={
            {
              "marginLeft": "4em",
            }
          }
        >
          Game Tally
        </h4>
        <form
          id="LevelForm"
        >
          <span>
            <label
              htmlFor="won"
              id="won-label"
            >
              Games Won
            </label>
            <label
              id="Tally"
            />
          </span>
            
          <span>
            <label
              htmlFor="lost"
              id="won-label"
            >
              Games Lost
            </label>
             
            <label
              id="Tally"
            />
          </span>
        </form>
        <form
          id="Gamesplayed"
        >
          <label
            htmlFor="gamesplayed"
            id="played"
            style={
              {
                "fontSize": "14px",
                "marginLeft": "2em",
                "padding": "-4em",
              }
            }
          >
            Total Games Played
          </label>
          <label
            id="plays"
          />
        </form>
      </div>
    </div>
    <div
      className="rules-card"
    >
      <div
        className="rules"
      >
        <h4
          style={
            {
              "color": "white",
              "fontSize": "18px",
              "marginLeft": "3em",
            }
          }
        >
          How to Play
        </h4>
        <ol>
          <li>
            Choose Difficulty Level-Easy(1-10) or Hard(1-100).
          </li>
          <li>
            The Computer will generate a random number between 1-10 for standard and 1-100 for Difficult.
          </li>
          <li>
            You only have 
            <a
              style={
                {
                  "color": "red",
                }
              }
            >
              3 chances
            </a>
             to guess a number and beat the Computer.
          </li>
          <li>
            Don't worry the computer will notify you if your guess is higher or lower than the random generated number.
          </li>
        </ol>
      </div>
    </div>
  </div>
   
</div>
`;
