// Jest Snapshot v1, https://goo.gl/fbAQLP

exports[`landing page renders the landing page 1`] = `
<div>
  <div
    className="card"
  >
    <div
      className="header"
    >
      <h1>
        Guess The Number
      </h1>
      <h2>
        Non Logged In Gameplay
      </h2>
    </div>
    <div
      className="levels"
    >
      <div
        className="levelselect"
      >
        <h4>
          Select Difficulty Level
        </h4>
        <button
          id="standard"
          type="submit"
        >
          Standard
        </button>
        <button
          id="difficult"
          type="submit"
        >
          Difficult
        </button>
      </div>
      <div
        className="levelCard"
      >
        <h3
          style={
            {
              "color": "black",
            }
          }
        >
          Selected Level
        </h3>
        <p
          style={
            {
              "color": "red",
            }
          }
        >
          STANDARD
        </p>
        <form
          id="LevelForm"
        >
          <input
            id="Levelsinput"
          />
        </form>
         
        <p
          style={
            {
              "color": "red",
            }
          }
        >
          CORRECT GUESS
        </p>
        <button
          id="guess"
          type="submit"
        >
          Guess
        </button>
         
        <div
          className="playButtons"
        >
          <button
            id="play"
            type="submit"
          >
            Play Again
          </button>
          <button
            id="login"
            type="submit"
          >
            Log In
          </button>
        </div>
      </div>
    </div>
    <div
      className="tally"
    >
      <h4
        style={
          {
            "marginLeft": "4em",
          }
        }
      >
        Game Tally
      </h4>
      <form
        id="LevelForm"
      >
        <span>
          <label
            for="won"
            id="won-label"
          >
            Games Won
          </label>
          <input
            id="Tally"
          />
        </span>
        <br />
        <br />
        <span>
          <label
            for="lost"
            id="won-label"
          >
            Games Lost
          </label>
          <input
            id="Tally"
          />
        </span>
      </form>
      <form
        id="Gamesplayed"
      >
        <label
          for="gamesplayed"
          id="played"
          style={
            {
              "marginLeft": "2em",
            }
          }
        >
          Total Games Played
        </label>
        <input
          id="plays"
        />
      </form>
    </div>
    <div
      className="rules-card"
    >
      <div
        className="rules"
      >
        <h4>
          How to Play
        </h4>
        <ol>
          <li>
            Choose Difficulty Level-Easy(1-10) or Hard(1-100).
          </li>
          <li>
            The Computer will generate a random number between 1-10 for standard and 1-100 for Difficult.
          </li>
          <li>
            You only have 
            <a
              style={
                {
                  "color": "red",
                }
              }
            >
              3 chances
            </a>
             to guess a number and beat the Computer.
          </li>
          <li>
            Don't worry the computer will notify you if your guess is higher or lower than the random generated number.
          </li>
        </ol>
      </div>
    </div>
  </div>
   
</div>
`;
