// Jest Snapshot v1, https://goo.gl/fbAQLP

exports[`Levels page renders the levels page 1`] = `
[
  <div
    className="levelselect"
  >
    <h5
      style={
        {
          "color": "white",
          "fontSize": "17px",
          "marginLeft": "4.5em",
        }
      }
    >
      Select Difficulty Level
    </h5>
    <button
      id="standard"
      onClick={[Function]}
    >
      Standard
    </button>
    <button
      id="difficult"
      onClick={[Function]}
    >
      Difficult
    </button>
  </div>,
  <div
    className="levelCard"
  >
    <h3
      style={
        {
          "color": "black",
          "fontSize": "20px",
          "marginLeft": "5.1em",
          "paddingTop": "2em",
        }
      }
    >
      Selected Level
    </h3>
     
    <p
      style={
        {
          "color": "red",
          "fontSize": 20,
          "marginLeft": "6.3em",
        }
      }
    />
     
    <form
      id="LevelForm"
    >
      <input
        id="Levelsinput"
        max="100"
        min="0"
        onChange={[Function]}
        placeholder="Enter Number"
        style={
          {
            "float": "center",
            "fontSize": 14,
          }
        }
        type="number"
        value={[]}
      />
    </form>
     
    <p
      style={
        {
          "color": "red",
          "fontSize": 20,
          "marginLeft": "4.2em",
        }
      }
    />
       
    <button
      id="guess"
      onClick={[Function]}
      type="submit"
    >
      Guess
    </button>
     
    <div
      className="playButtons"
    >
      <button
        id="playAgain"
        onClick={[Function]}
        type="submit"
      >
        Play Again
      </button>
      <button
        id="login"
        type="submit"
      >
        Log In
      </button>
    </div>
  </div>,
]
`;
