// Jest Snapshot v1, https://goo.gl/fbAQLP

exports[`Levels page renders the levels page 1`] = `
[
  <div
    className="levelselect"
  >
    <h5
      style={
        {
          "color": "white",
          "fontSize": 15,
          "fontWeight": "bolder",
          "marginLeft": "2.5em",
          "paddingBottom": "0.5em",
        }
      }
    >
      Select Difficulty Level
    </h5>
    <button
      id="standard"
      onClick={[Function]}
    >
      Standard
    </button>
    <button
      id="difficult"
      onClick={[Function]}
    >
      Difficult
    </button>
  </div>,
  <div
    className="levelCard"
  >
    <h3
      style={
        {
          "color": "black",
          "fontSize": 16,
          "marginLeft": "5.5em",
          "paddingTop": "1em",
        }
      }
    >
      Selected Level
    </h3>
     
    <div
      className="selectedlevelCard"
      id="levelselectedcard"
    >
      <p
        style={
          {
            "color": "red",
            "fontSize": 14,
            "marginLeft": "7.5em",
          }
        }
      />
    </div>
     
    <form
      id="LevelForm"
    >
      <input
        id="Levelsinput"
        max="100"
        min="0"
        onChange={[Function]}
        placeholder="Enter Number"
        style={
          {
            "float": "center",
            "fontSize": 11,
          }
        }
        type="number"
        value={[]}
      />
    </form>
    <div
      className="highlowoutputcard"
      id="toohightoolowcard"
    >
      <p
        style={
          {
            "color": "red",
            "fontSize": 14,
            "marginLeft": "6em",
          }
        }
      />
    </div>
       
    <button
      id="guess"
      onClick={[Function]}
      type="submit"
    >
      Guess
    </button>
     
    <div
      className="playButtons"
    >
      <button
        id="playAgain"
        onClick={[Function]}
        type="submit"
      >
        Play Again
      </button>
      <button
        id="login"
        type="submit"
      >
        Log In
      </button>
    </div>
  </div>,
]
`;
