// Jest Snapshot v1, https://goo.gl/fbAQLP

exports[`Levels page renders the levels page 1`] = `
[
  <div
    className="levelselect"
  >
    <h4>
      Select Difficulty Level
    </h4>
    <button
      id="standard"
      type="submit"
    >
      Standard
    </button>
    <button
      id="difficult"
      type="submit"
    >
      Difficult
    </button>
  </div>,
  <div
    className="levelCard"
  >
    <h3
      style={
        {
          "color": "black",
        }
      }
    >
      Selected Level
    </h3>
    <p
      style={
        {
          "color": "red",
        }
      }
    >
      STANDARD
    </p>
    <form
      id="LevelForm"
    >
      <input
        mb-3={true}
      />
    </form>
     
    <p
      style={
        {
          "color": "red",
        }
      }
    >
      CORRECT GUESS
    </p>
    <button
      id="guess"
      type="submit"
    >
      Guess
    </button>
     
    <div
      className="playButtons"
    >
      <button
        id="play"
        type="submit"
      >
        Play Again
      </button>
      <button
        id="login"
        type="submit"
      >
        Log In
      </button>
    </div>
  </div>,
]
`;
