// Jest Snapshot v1, https://goo.gl/fbAQLP

exports[`Tally page renders the rules page 1`] = `
<div
  className="tallycard"
>
  <h4
    style={
      {
        "marginLeft": "4em",
        "paddingBottom": "2em",
      }
    }
  >
    Game Tally
  </h4>
  <form
    id="LevelForm"
  >
    <span>
      <label
        htmlFor="won"
        id="won-label"
      >
        Games Won
      </label>
      <label
        id="Tally"
      />
    </span>
      
    <span>
      <label
        htmlFor="lost"
        id="won-label"
      >
        Games Lost
      </label>
       
      <label
        id="Tally"
      />
    </span>
  </form>
  <form
    id="Gamesplayed"
  >
    <label
      htmlFor="gamesplayed"
      id="played"
      style={
        {
          "display": "inline",
          "marginLeft": "4.5em",
          "padding": "-4em",
        }
      }
    >
      Total Games Played
    </label>
    <label
      id="plays"
    />
  </form>
</div>
`;
