// Jest Snapshot v1, https://goo.gl/fbAQLP

exports[`Tally page renders the rules page 1`] = `
[
  <h4
    style={
      {
        "marginLeft": "4em",
      }
    }
  >
    Game Tally
  </h4>,
  <form
    id="LevelForm"
  >
    <span>
      <label
        htmlFor="won"
        id="won-label"
      >
        Games Won
      </label>
      <label
        id="Tally"
      />
    </span>
    <br />
    <br />
    <span>
      <label
        htmlFor="lost"
        id="won-label"
      >
        Games Lost
      </label>
       
      <label
        id="Tally"
      />
    </span>
  </form>,
  <form
    id="Gamesplayed"
  >
    <label
      htmlFor="gamesplayed"
      id="played"
      style={
        {
          "fontSize": "14px",
          "marginLeft": "2em",
          "padding": "-4em",
        }
      }
    >
      Total Games Played
    </label>
    <label
      id="plays"
    />
  </form>,
]
`;
