// Jest Snapshot v1, https://goo.gl/fbAQLP

exports[`Tally page renders the rules page 1`] = `
[
  <h4>
    Game Tally
  </h4>,
  <form
    id="LevelForm"
  >
    <label
      for="won"
    >
      Games Won
    </label>
    <input
      id="Tally"
    />
  </form>,
  <br />,
  <form
    id="LevelForm"
  >
    <label
      for="won"
    >
      Games Lost
    </label>
    <input
      id="Tally"
    />
  </form>,
  <form
    id="LevelForm"
  >
    <label
      for="gamesplayed"
    >
      Total games Played
    </label>
    <input />
  </form>,
]
`;
